{
  "version": "1.5.35",
  "plugins_used": [
    {
      "name": "ArtifactoryDetector"
    },
    {
      "name": "AWSKeyDetector"
    },
    {
      "name": "AzureStorageKeyDetector"
    },
    {
      "name": "Base64HighEntropyString",
      "limit": 4.5
    },
    {
      "name": "BasicAuthDetector"
    },
    {
      "name": "CloudantDetector"
    },
    {
      "name": "DiscordBotTokenDetector"
    },
    {
      "name": "GitHubTokenDetector"
    },
    {
      "name": "HexHighEntropyString",
      "limit": 3.0
    },
    {
      "name": "IbmCloudIamDetector"
    },
    {
      "name": "IbmCosHmacDetector"
    },
    {
      "name": "JwtTokenDetector"
    },
    {
      "name": "KeywordDetector",
      "keyword_exclude": ""
    },
    {
      "name": "MailchimpDetector"
    },
    {
      "name": "NpmDetector"
    },
    {
      "name": "PrivateKeyDetector"
    },
    {
      "name": "SendGridDetector"
    },
    {
      "name": "SlackDetector"
    },
    {
      "name": "SoftlayerDetector"
    },
    {
      "name": "SquareOAuthDetector"
    },
    {
      "name": "StripeDetector"
    },
    {
      "name": "TwilioKeyDetector"
    }
  ],
  "filters_used": [
    {
      "path": "detect_secrets.filters.allowlist.is_line_allowlisted"
    },
    {
      "path": "detect_secrets.filters.common.is_ignored_due_to_verification_policies",
      "min_level": 2
    },
    {
      "path": "detect_secrets.filters.heuristic.is_indirect_reference"
    },
    {
      "path": "detect_secrets.filters.heuristic.is_likely_id_string"
    },
    {
      "path": "detect_secrets.filters.heuristic.is_lock_file"
    },
    {
      "path": "detect_secrets.filters.heuristic.is_not_alphanumeric_string"
    },
    {
      "path": "detect_secrets.filters.heuristic.is_potential_uuid"
    },
    {
      "path": "detect_secrets.filters.heuristic.is_prefixed_with_dollar_sign"
    },
    {
      "path": "detect_secrets.filters.heuristic.is_sequential_string"
    },
    {
      "path": "detect_secrets.filters.heuristic.is_swagger_file"
    },
    {
      "path": "detect_secrets.filters.heuristic.is_templated_secret"
    },
    {
      "path": "detect_secrets.filters.regex.should_exclude_file",
      "pattern": [
        "(charts/.*/README\\.md|^\\.local-tests/|^\\.claude/|^\\.git/)"
      ]
    }
  ],
  "results": {
    "charts/console/ci/01-basic-no-monitoring-values.yaml": [
      {
        "type": "Secret Keyword",
        "filename": "charts/console/ci/01-basic-no-monitoring-values.yaml",
        "hashed_secret": "f90f4eb0d7ba2e38749079f1b6b166520fc62847",
        "is_verified": false,
        "line_number": 11,
        "is_added": false,
        "is_removed": false
      },
      {
        "type": "Secret Keyword",
        "filename": "charts/console/ci/01-basic-no-monitoring-values.yaml",
        "hashed_secret": "4f76a836ede31bdb2efcdb8341204b6218bb7073",
        "is_verified": false,
        "line_number": 17,
        "is_added": false,
        "is_removed": false
      }
    ],
    "charts/console/ci/02-pod-tls-selfsigned-values.yaml": [
      {
        "type": "Secret Keyword",
        "filename": "charts/console/ci/02-pod-tls-selfsigned-values.yaml",
        "hashed_secret": "f90f4eb0d7ba2e38749079f1b6b166520fc62847",
        "is_verified": false,
        "line_number": 11,
        "is_added": false,
        "is_removed": false
      },
      {
        "type": "Secret Keyword",
        "filename": "charts/console/ci/02-pod-tls-selfsigned-values.yaml",
        "hashed_secret": "4f76a836ede31bdb2efcdb8341204b6218bb7073",
        "is_verified": false,
        "line_number": 18,
        "is_added": false,
        "is_removed": false
      }
    ],
    "charts/console/ci/03-pod-tls-existingSecret-values.yaml": [
      {
        "type": "Secret Keyword",
        "filename": "charts/console/ci/03-pod-tls-existingSecret-values.yaml",
        "hashed_secret": "f90f4eb0d7ba2e38749079f1b6b166520fc62847",
        "is_verified": false,
        "line_number": 11,
        "is_added": false,
        "is_removed": false
      },
      {
        "type": "Basic Auth Credentials",
        "filename": "charts/console/ci/03-pod-tls-existingSecret-values.yaml",
        "hashed_secret": "4f76a836ede31bdb2efcdb8341204b6218bb7073",
        "is_verified": false,
        "line_number": 14,
        "is_added": false,
        "is_removed": false
      },
      {
        "type": "Secret Keyword",
        "filename": "charts/console/ci/03-pod-tls-existingSecret-values.yaml",
        "hashed_secret": "f78d432cfef3f04bdd7728e976d96615a72c212a",
        "is_verified": false,
        "line_number": 21,
        "is_added": false,
        "is_removed": false
      },
      {
        "type": "Private Key",
        "filename": "charts/console/ci/03-pod-tls-existingSecret-values.yaml",
        "hashed_secret": "0c801794208c6f08ef0524d4f1ba73ab33098ce6",
        "is_verified": false,
        "line_number": 75,
        "is_added": false,
        "is_removed": false
      }
    ],
    "charts/console/ci/04-credentials-from-secret-values.yaml": [
      {
        "type": "Secret Keyword",
        "filename": "charts/console/ci/04-credentials-from-secret-values.yaml",
        "hashed_secret": "d7d169951d1a6d83aa4d3fa179bd8c77f73e1a08",
        "is_verified": false,
        "line_number": 5,
        "is_added": false,
        "is_removed": false
      },
      {
        "type": "Secret Keyword",
        "filename": "charts/console/ci/04-credentials-from-secret-values.yaml",
        "hashed_secret": "df60d2f2c4906b80d07d045f742b744fe1498635",
        "is_verified": false,
        "line_number": 26,
        "is_added": false,
        "is_removed": false
      },
      {
        "type": "Secret Keyword",
        "filename": "charts/console/ci/04-credentials-from-secret-values.yaml",
        "hashed_secret": "f90f4eb0d7ba2e38749079f1b6b166520fc62847",
        "is_verified": false,
        "line_number": 45,
        "is_added": false,
        "is_removed": false
      },
      {
        "type": "Secret Keyword",
        "filename": "charts/console/ci/04-credentials-from-secret-values.yaml",
        "hashed_secret": "4f76a836ede31bdb2efcdb8341204b6218bb7073",
        "is_verified": false,
        "line_number": 50,
        "is_added": false,
        "is_removed": false
      }
    ],
    "charts/console/ci/05-external-monitoring-storage-values.yaml": [
      {
        "type": "Secret Keyword",
        "filename": "charts/console/ci/05-external-monitoring-storage-values.yaml",
        "hashed_secret": "5b9b96af001c66915eafdba709540574708b1c6e",
        "is_verified": false,
        "line_number": 6,
        "is_added": false,
        "is_removed": false
      },
      {
        "type": "Secret Keyword",
        "filename": "charts/console/ci/05-external-monitoring-storage-values.yaml",
        "hashed_secret": "f90f4eb0d7ba2e38749079f1b6b166520fc62847",
        "is_verified": false,
        "line_number": 11,
        "is_added": false,
        "is_removed": false
      },
      {
        "type": "Secret Keyword",
        "filename": "charts/console/ci/05-external-monitoring-storage-values.yaml",
        "hashed_secret": "3147186786e4eb7111f384ab8a1ec82375cecc04",
        "is_verified": false,
        "line_number": 14,
        "is_added": false,
        "is_removed": false
      },
      {
        "type": "Secret Keyword",
        "filename": "charts/console/ci/05-external-monitoring-storage-values.yaml",
        "hashed_secret": "4f76a836ede31bdb2efcdb8341204b6218bb7073",
        "is_verified": false,
        "line_number": 56,
        "is_added": false,
        "is_removed": false
      }
    ],
    "charts/console/ci/06-ingress-tls-selfsigned-values.yaml": [
      {
        "type": "Secret Keyword",
        "filename": "charts/console/ci/06-ingress-tls-selfsigned-values.yaml",
        "hashed_secret": "c40b75ee37d9614fa02c09a9333c33abf1b4179f",
        "is_verified": false,
        "line_number": 7,
        "is_added": false,
        "is_removed": false
      },
      {
        "type": "Secret Keyword",
        "filename": "charts/console/ci/06-ingress-tls-selfsigned-values.yaml",
        "hashed_secret": "f90f4eb0d7ba2e38749079f1b6b166520fc62847",
        "is_verified": false,
        "line_number": 10,
        "is_added": false,
        "is_removed": false
      },
      {
        "type": "Basic Auth Credentials",
        "filename": "charts/console/ci/06-ingress-tls-selfsigned-values.yaml",
        "hashed_secret": "4f76a836ede31bdb2efcdb8341204b6218bb7073",
        "is_verified": false,
        "line_number": 51,
        "is_added": false,
        "is_removed": false
      }
    ],
    "charts/console/ci/07-ingress-tls-existing-secret-values.yaml": [
      {
        "type": "Secret Keyword",
        "filename": "charts/console/ci/07-ingress-tls-existing-secret-values.yaml",
        "hashed_secret": "f90f4eb0d7ba2e38749079f1b6b166520fc62847",
        "is_verified": false,
        "line_number": 8,
        "is_added": false,
        "is_removed": false
      },
      {
        "type": "Secret Keyword",
        "filename": "charts/console/ci/07-ingress-tls-existing-secret-values.yaml",
        "hashed_secret": "4f76a836ede31bdb2efcdb8341204b6218bb7073",
        "is_verified": false,
        "line_number": 13,
        "is_added": false,
        "is_removed": false
      },
      {
        "type": "Private Key",
        "filename": "charts/console/ci/07-ingress-tls-existing-secret-values.yaml",
        "hashed_secret": "0c801794208c6f08ef0524d4f1ba73ab33098ce6",
        "is_verified": false,
        "line_number": 72,
        "is_added": false,
        "is_removed": false
      }
    ],
    "charts/console/ci/08-ingress-tls-plain-pem-values.yaml": [
      {
        "type": "Secret Keyword",
        "filename": "charts/console/ci/08-ingress-tls-plain-pem-values.yaml",
        "hashed_secret": "f90f4eb0d7ba2e38749079f1b6b166520fc62847",
        "is_verified": false,
        "line_number": 8,
        "is_added": false,
        "is_removed": false
      },
      {
        "type": "Secret Keyword",
        "filename": "charts/console/ci/08-ingress-tls-plain-pem-values.yaml",
        "hashed_secret": "4f76a836ede31bdb2efcdb8341204b6218bb7073",
        "is_verified": false,
        "line_number": 13,
        "is_added": false,
        "is_removed": false
      },
      {
        "type": "Private Key",
        "filename": "charts/console/ci/08-ingress-tls-plain-pem-values.yaml",
        "hashed_secret": "0c801794208c6f08ef0524d4f1ba73ab33098ce6",
        "is_verified": false,
        "line_number": 65,
        "is_added": false,
        "is_removed": false
      }
    ],
    "charts/gateway/templates/tests/01-setup-dependency.yaml": [
      {
        "type": "Secret Keyword",
        "filename": "charts/gateway/templates/tests/01-setup-dependency.yaml",
        "hashed_secret": "7cb6efb98ba5972a9b5090dc2e517fe14d12cb04",
        "is_verified": false,
        "line_number": 102,
        "is_added": false,
        "is_removed": false
      },
      {
        "type": "Secret Keyword",
        "filename": "charts/gateway/templates/tests/01-setup-dependency.yaml",
        "hashed_secret": "ef27ef04c8d310c57c888d50ebaa789f47c17084",
        "is_verified": false,
        "line_number": 139,
        "is_added": false,
        "is_removed": false
      },
      {
        "type": "Secret Keyword",
        "filename": "charts/gateway/templates/tests/01-setup-dependency.yaml",
        "hashed_secret": "d3b6f5a3d320c29522222189f7aac13470bfec17",
        "is_verified": false,
        "line_number": 200,
        "is_added": false,
        "is_removed": false
      },
      {
        "type": "Hex High Entropy String",
        "filename": "charts/gateway/templates/tests/01-setup-dependency.yaml",
        "hashed_secret": "4ec29f46f9c53f315f609ca8f61e6d7daef18c17",
        "is_verified": false,
        "line_number": 480,
        "is_added": false,
        "is_removed": false
      },
      {
        "type": "Hex High Entropy String",
        "filename": "charts/gateway/templates/tests/01-setup-dependency.yaml",
        "hashed_secret": "b2907c3704254b38120ebd7fe11524733791086c",
        "is_verified": false,
        "line_number": 481,
        "is_added": false,
        "is_removed": false
      },
      {
        "type": "Secret Keyword",
        "filename": "charts/gateway/templates/tests/01-setup-dependency.yaml",
        "hashed_secret": "b2907c3704254b38120ebd7fe11524733791086c",
        "is_verified": false,
        "line_number": 481,
        "is_added": false,
        "is_removed": false
      }
    ],
    "charts/gateway/values.yaml": [
      {
        "type": "Secret Keyword",
        "filename": "charts/gateway/values.yaml",
        "hashed_secret": "11f0ce3e9aa0a2655c86292ded7c910b0bfb1dba",
        "is_verified": false,
        "line_number": 107,
        "is_added": false,
        "is_removed": false
      }
    ],
    "charts/provisioner/ci/01-provision-console-gateway-values.yaml": [
      {
        "type": "Secret Keyword",
        "filename": "charts/provisioner/ci/01-provision-console-gateway-values.yaml",
        "hashed_secret": "261a3bcf134a12273612431956488822cc4dab15",
        "is_verified": false,
        "line_number": 11,
        "is_added": false,
        "is_removed": false
      },
      {
        "type": "Secret Keyword",
        "filename": "charts/provisioner/ci/01-provision-console-gateway-values.yaml",
        "hashed_secret": "02995c6ad612a02589537220301d8021ef9f1316",
        "is_verified": false,
        "line_number": 54,
        "is_added": false,
        "is_removed": false
      },
      {
        "type": "Secret Keyword",
        "filename": "charts/provisioner/ci/01-provision-console-gateway-values.yaml",
        "hashed_secret": "87ab28c8b2a7acfd284645de82eb2e71efd4c217",
        "is_verified": false,
        "line_number": 97,
        "is_added": false,
        "is_removed": false
      },
      {
        "type": "Secret Keyword",
        "filename": "charts/provisioner/ci/01-provision-console-gateway-values.yaml",
        "hashed_secret": "da08168f130a5cdd9e4903e1e1a4e086fa4eb97a",
        "is_verified": false,
        "line_number": 141,
        "is_added": false,
        "is_removed": false
      }
    ],
    "charts/provisioner/templates/tests/01-dependencies.yaml": [
      {
        "type": "Secret Keyword",
        "filename": "charts/provisioner/templates/tests/01-dependencies.yaml",
        "hashed_secret": "d3b6f5a3d320c29522222189f7aac13470bfec17",
        "is_verified": false,
        "line_number": 18,
        "is_added": false,
        "is_removed": false
      },
      {
        "type": "Secret Keyword",
        "filename": "charts/provisioner/templates/tests/01-dependencies.yaml",
        "hashed_secret": "4f76a836ede31bdb2efcdb8341204b6218bb7073",
        "is_verified": false,
        "line_number": 69,
        "is_added": false,
        "is_removed": false
      },
      {
        "type": "Secret Keyword",
        "filename": "charts/provisioner/templates/tests/01-dependencies.yaml",
        "hashed_secret": "f90f4eb0d7ba2e38749079f1b6b166520fc62847",
        "is_verified": false,
        "line_number": 85,
        "is_added": false,
        "is_removed": false
      },
      {
        "type": "Secret Keyword",
        "filename": "charts/provisioner/templates/tests/01-dependencies.yaml",
        "hashed_secret": "0bfc557ac5bd0ef2308be3f69121ebfc7c994785",
        "is_verified": false,
        "line_number": 94,
        "is_added": false,
        "is_removed": false
      },
      {
        "type": "Secret Keyword",
        "filename": "charts/provisioner/templates/tests/01-dependencies.yaml",
        "hashed_secret": "664819d8c5343676c9225b5ed00a5cdc6f3a1ff3",
        "is_verified": false,
        "line_number": 120,
        "is_added": false,
        "is_removed": false
      }
    ],
    "k3d/grafana-v4-api-v1alpha1/monitoring-stack-grafana.yaml": [
      {
        "type": "Secret Keyword",
        "filename": "k3d/grafana-v4-api-v1alpha1/monitoring-stack-grafana.yaml",
        "hashed_secret": "d033e22ae348aeb5660fc2140aec35850c4da997",
        "is_verified": false,
        "line_number": 15,
        "is_added": false,
        "is_removed": false
      }
    ],
    "k3d/grafana-v5-api-v1beta1/monitoring-stack-grafana.yaml": [
      {
        "type": "Secret Keyword",
        "filename": "k3d/grafana-v5-api-v1beta1/monitoring-stack-grafana.yaml",
        "hashed_secret": "d033e22ae348aeb5660fc2140aec35850c4da997",
        "is_verified": false,
        "line_number": 16,
        "is_added": false,
        "is_removed": false
      }
    ]
  },
  "generated_at": "2026-01-16T11:43:02Z"
}
